css/checker/tests/fn_url.css:10:27: error: invalid value for function "url"
    8 | 
    9 | .invalid_child {
   10 |     background-image: url(10px);
      |                           ~~~~
   11 | }