css/parser/tests/unkown_at_rule.css:3:2: warning: unkown at-rule "bleh"
    1 | 
    2 | 
    3 | @bleh {}
      |  ~~~~